18:03:24.532 [main] INFO  org.testng.internal.Utils - [TestNG] Running:
  C:\Users\User\IdeaProjects\API_RestAssured\temp-testng-customsuite.xml

18:03:25.914 [main] INFO  api.tests.UserTests - ***Creating User***
18:03:32.581 [main] INFO  api.tests.UserTests - ***User Created***
18:03:32.587 [main] INFO  api.tests.UserTests - ***Getting User***
18:03:33.681 [main] INFO  api.tests.UserTests - ***User Displaying***
18:03:33.691 [main] INFO  api.tests.UserTests - ***Updating User***
18:03:34.637 [main] INFO  api.tests.UserTests - ***User Updated***
18:03:34.642 [main] INFO  api.tests.UserTests - ***Deleting User***
18:03:35.518 [main] INFO  api.tests.UserTests - ***User Deleted***
18:11:30.150 [main] INFO  org.testng.internal.Utils - [TestNG] Running:
  C:\Users\User\IdeaProjects\API_RestAssured\testng.xml

18:11:31.131 [main] INFO  api.tests.UserTests - ***Creating User***
18:11:36.986 [main] INFO  api.tests.UserTests - ***User Created***
18:11:37.002 [main] INFO  api.tests.UserTests - ***Getting User***
18:11:37.955 [main] INFO  api.tests.UserTests - ***User Displaying***
18:11:37.987 [main] INFO  api.tests.UserTests - ***Updating User***
18:11:38.862 [main] INFO  api.tests.UserTests - ***User Updated***
18:11:38.878 [main] INFO  api.tests.UserTests - ***Deleting User***
18:11:39.750 [main] INFO  api.tests.UserTests - ***User Deleted***
11:19:27.277 [main] INFO  org.testng.internal.Utils - [TestNG] Running:
  C:\Users\User\IdeaProjects\API_RestAssured\testng.xml

11:19:28.434 [main] INFO  api.tests.UserTests - ***Creating User***
11:19:33.976 [main] INFO  api.tests.UserTests - ***User Created***
11:19:34.007 [main] INFO  api.tests.UserTests - ***Getting User***
11:19:34.963 [main] INFO  api.tests.UserTests - ***User Displaying***
11:19:34.995 [main] INFO  api.tests.UserTests - ***Updating User***
11:19:35.913 [main] INFO  api.tests.UserTests - ***User Updated***
11:19:35.929 [main] INFO  api.tests.UserTests - ***Deleting User***
11:19:36.745 [main] INFO  api.tests.UserTests - ***User Deleted***
11:21:25.561 [main] INFO  org.testng.internal.Utils - [TestNG] Running:
  C:\Users\User\IdeaProjects\API_RestAssured\testng.xml

11:21:26.617 [main] INFO  api.tests.UserTests - ***Creating User***
11:21:31.730 [main] INFO  api.tests.UserTests - ***User Created***
11:21:31.776 [main] INFO  api.tests.UserTests - ***Getting User***
11:21:32.779 [main] INFO  api.tests.UserTests - ***User Displaying***
11:21:32.790 [main] INFO  api.tests.UserTests - ***Updating User***
11:21:33.708 [main] INFO  api.tests.UserTests - ***User Updated***
11:21:33.708 [main] INFO  api.tests.UserTests - ***Deleting User***
11:21:34.558 [main] INFO  api.tests.UserTests - ***User Deleted***
11:22:56.794 [main] INFO  org.testng.internal.Utils - [TestNG] Running:
  C:\Users\User\IdeaProjects\API_RestAssured\testng.xml

11:22:57.818 [main] INFO  api.tests.UserTests - ***Creating User***
11:23:03.006 [main] INFO  api.tests.UserTests - ***User Created***
11:23:03.037 [main] INFO  api.tests.UserTests - ***Getting User***
11:23:03.957 [main] INFO  api.tests.UserTests - ***User Displaying***
11:23:03.972 [main] INFO  api.tests.UserTests - ***Updating User***
11:23:04.882 [main] INFO  api.tests.UserTests - ***User Updated***
11:23:04.913 [main] INFO  api.tests.UserTests - ***Deleting User***
11:23:05.743 [main] INFO  api.tests.UserTests - ***User Deleted***
